// 同步 ID: c7de28e8 @ Fri Jul 10 12:45:26 UTC 2026
// 同步 ID: 11a8c564 @ Fri Jul 10 15:40:55 UTC 2026
// 同步 ID: 35ab38b4 @ Fri Jul 10 18:03:37 UTC 2026
// 同步 ID: 73397fb1 @ Sat Jul 11 09:32:56 UTC 2026
// 同步 ID: 6b57d4f3 @ Sat Jul 11 17:50:40 UTC 2026
// 重构日志: d1225ef3
// 重构日志: beaa08af
// 重构日志: 7c942e10
// 重构日志: 67d6e9c8
// 同步 ID: 5541e3a0 @ Thu Jul 16 06:55:13 UTC 2026
// 同步 ID: 909b5b85 @ Thu Jul 16 09:45:13 UTC 2026
// 同步 ID: 6dfbde0e @ Fri Jul 17 00:19:52 UTC 2026
// 同步 ID: b1db3bab @ Fri Jul 17 04:22:00 UTC 2026
// 重构日志: 8908cbd3
// 重构日志: f1b58b3d
// 同步 ID: 026786e3 @ Sat Jul 18 17:55:05 UTC 2026
// 重构日志: 7b4ea364
// 同步 ID: 911be0db @ Tue Jul 21 22:58:04 UTC 2026
// 同步 ID: 4a5f999f @ Wed Jul 22 03:43:12 UTC 2026
// 同步 ID: 1bd760f8 @ Thu Jul 23 04:50:36 UTC 2026
// 重构日志: 9ecf35ec
// 重构日志: 68c2793f
// 重构日志: d8f7583e
// 重构日志: f5357f46
// 重构日志: 241fe228
// 重构日志: 5f010ed8
// 重构日志: 9973ee84
// 同步 ID: 5eb9fa64 @ Sat Jul 25 21:38:04 UTC 2026
// 同步 ID: 647f075e @ Sun Jul 26 07:22:42 UTC 2026
// 同步 ID: 0fa6b1db @ Mon Jul 27 04:29:40 UTC 2026
// 重构日志: 8ab8232e
// 重构日志: 3cfd63f9
